// Jest Snapshot v1, https://goo.gl/fbAQLP

exports[`adapter should parse 1`] = `
(ParseResultElement
  (WorkflowsSpecification1Element
    (MemberElement
      (StringElement)
      (StringElement))
    (MemberElement
      (StringElement)
      (InfoElement
        (MemberElement
          (StringElement)
          (StringElement))
        (MemberElement
          (StringElement)
          (StringElement))
        (MemberElement
          (StringElement)
          (StringElement))
        (MemberElement
          (StringElement)
          (StringElement))))
    (MemberElement
      (StringElement)
      (ArrayElement
        (SourceDescriptionElement
          (MemberElement
            (StringElement)
            (StringElement))
          (MemberElement
            (StringElement)
            (StringElement))
          (MemberElement
            (StringElement)
            (StringElement)))))
    (MemberElement
      (StringElement)
      (ArrayElement
        (WorkflowElement
          (MemberElement
            (StringElement)
            (StringElement))
          (MemberElement
            (StringElement)
            (StringElement))
          (MemberElement
            (StringElement)
            (StringElement))
          (MemberElement
            (StringElement)
            (JSONSchemaDraft202012Element
              (MemberElement
                (StringElement)
                (StringElement))
              (MemberElement
                (StringElement)
                (ObjectElement
                  (MemberElement
                    (StringElement)
                    (JSONSchemaDraft202012Element
                      (MemberElement
                        (StringElement)
                        (StringElement))))
                  (MemberElement
                    (StringElement)
                    (JSONSchemaDraft202012Element
                      (MemberElement
                        (StringElement)
                        (StringElement))))))))
          (MemberElement
            (StringElement)
            (ArrayElement
              (StepElement
                (MemberElement
                  (StringElement)
                  (StringElement))
                (MemberElement
                  (StringElement)
                  (StringElement))
                (MemberElement
                  (StringElement)
                  (StringElement))
                (MemberElement
                  (StringElement)
                  (ArrayElement
                    (ParameterElement
                      (MemberElement
                        (StringElement)
                        (StringElement))
                      (MemberElement
                        (StringElement)
                        (StringElement))
                      (MemberElement
                        (StringElement)
                        (StringElement)))
                    (ParameterElement
                      (MemberElement
                        (StringElement)
                        (StringElement))
                      (MemberElement
                        (StringElement)
                        (StringElement))
                      (MemberElement
                        (StringElement)
                        (StringElement)))))
                (MemberElement
                  (StringElement)
                  (ArrayElement
                    (CriterionElement
                      (MemberElement
                        (StringElement)
                        (StringElement)))))
                (MemberElement
                  (StringElement)
                  (ObjectElement
                    (MemberElement
                      (StringElement)
                      (StringElement))
                    (MemberElement
                      (StringElement)
                      (StringElement))
                    (MemberElement
                      (StringElement)
                      (StringElement)))))
              (StepElement
                (MemberElement
                  (StringElement)
                  (StringElement))
                (MemberElement
                  (StringElement)
                  (StringElement))
                (MemberElement
                  (StringElement)
                  (StringElement))
                (MemberElement
                  (StringElement)
                  (StringElement))
                (MemberElement
                  (StringElement)
                  (ArrayElement
                    (ParameterElement
                      (MemberElement
                        (StringElement)
                        (StringElement))
                      (MemberElement
                        (StringElement)
                        (StringElement))
                      (MemberElement
                        (StringElement)
                        (StringElement)))
                    (ParameterElement
                      (MemberElement
                        (StringElement)
                        (StringElement))
                      (MemberElement
                        (StringElement)
                        (StringElement))
                      (MemberElement
                        (StringElement)
                        (StringElement)))))
                (MemberElement
                  (StringElement)
                  (ArrayElement
                    (CriterionElement
                      (MemberElement
                        (StringElement)
                        (StringElement)))))
                (MemberElement
                  (StringElement)
                  (ObjectElement
                    (MemberElement
                      (StringElement)
                      (StringElement)))))))
          (MemberElement
            (StringElement)
            (ObjectElement
              (MemberElement
                (StringElement)
                (StringElement)))))))))
`;
