// Jest Snapshot v1, https://goo.gl/fbAQLP

exports[`refractor elements SqsMessageBindingElement should refract to semantic ApiDOM tree 1`] = `(SqsMessageBindingElement)`;
