// Jest Snapshot v1, https://goo.gl/fbAQLP

exports[`refractor elements CorrelationIDElement should refract to semantic ApiDOM tree 1`] = `
(CorrelationIDElement
  (MemberElement
    (StringElement)
    (StringElement))
  (MemberElement
    (StringElement)
    (StringElement)))
`;
