// Jest Snapshot v1, https://goo.gl/fbAQLP

exports[`refractor elements MessageExampleElement should refract to semantic ApiDOM tree 1`] = `
(MessageExampleElement
  (MemberElement
    (StringElement)
    (ObjectElement
      (MemberElement
        (StringElement)
        (StringElement))))
  (MemberElement
    (StringElement)
    (StringElement))
  (MemberElement
    (StringElement)
    (StringElement))
  (MemberElement
    (StringElement)
    (StringElement)))
`;
