// Jest Snapshot v1, https://goo.gl/fbAQLP

exports[`refractor elements OperationReplyAddressElement should refract to semantic ApiDOM tree 1`] = `
(OperationReplyAddressElement
  (MemberElement
    (StringElement)
    (StringElement))
  (MemberElement
    (StringElement)
    (StringElement)))
`;
