// Jest Snapshot v1, https://goo.gl/fbAQLP

exports[`refractor elements OperationElement given requestBody field of type RequestBodyElement should refract to semantic ApiDOM tree 1`] = `
(OperationElement
  (MemberElement
    (StringElement)
    (ArrayElement
      (StringElement)
      (StringElement)))
  (MemberElement
    (StringElement)
    (StringElement))
  (MemberElement
    (StringElement)
    (StringElement))
  (MemberElement
    (StringElement)
    (ExternalDocumentationElement))
  (MemberElement
    (StringElement)
    (StringElement))
  (MemberElement
    (StringElement)
    (ArrayElement
      (StringElement)))
  (MemberElement
    (StringElement)
    (ArrayElement
      (StringElement)))
  (MemberElement
    (StringElement)
    (ArrayElement
      (ParameterElement)
      (ReferenceElement
        (MemberElement
          (StringElement)
          (StringElement)))))
  (MemberElement
    (StringElement)
    (ResponsesElement))
  (MemberElement
    (StringElement)
    (ArrayElement
      (StringElement)
      (StringElement)))
  (MemberElement
    (StringElement)
    (BooleanElement))
  (MemberElement
    (StringElement)
    (ArrayElement
      (SecurityRequirementElement))))
`;
