// Jest Snapshot v1, https://goo.gl/fbAQLP

exports[`syntactic-analysis TreeCursorIterator should create optimized CST 1`] = `
TreeCursorSyntaxNode {
  children: Array [
    TreeCursorSyntaxNode {
      children: Array [
        TreeCursorSyntaxNode {
          children: Array [
            TreeCursorSyntaxNode {
              children: Array [
                TreeCursorSyntaxNode {
                  children: Array [],
                  endIndex: 1,
                  endPositionColumn: 1,
                  endPositionRow: 0,
                  fieldName: undefined,
                  hasError: false,
                  isMissing: false,
                  isNamed: false,
                  previousSibling: undefined,
                  startIndex: 0,
                  startPositionColumn: 0,
                  startPositionRow: 0,
                  text: [,
                  type: [,
                },
                TreeCursorSyntaxNode {
                  children: Array [
                    TreeCursorSyntaxNode {
                      children: Array [
                        TreeCursorSyntaxNode {
                          children: Array [],
                          endIndex: 2,
                          endPositionColumn: 2,
                          endPositionRow: 0,
                          fieldName: undefined,
                          hasError: false,
                          isMissing: false,
                          isNamed: true,
                          previousSibling: undefined,
                          startIndex: 1,
                          startPositionColumn: 1,
                          startPositionRow: 0,
                          text: 1,
                          type: integer_scalar,
                        },
                      ],
                      endIndex: 2,
                      endPositionColumn: 2,
                      endPositionRow: 0,
                      fieldName: undefined,
                      hasError: false,
                      isMissing: false,
                      isNamed: true,
                      previousSibling: undefined,
                      startIndex: 1,
                      startPositionColumn: 1,
                      startPositionRow: 0,
                      text: 1,
                      type: plain_scalar,
                    },
                  ],
                  endIndex: 2,
                  endPositionColumn: 2,
                  endPositionRow: 0,
                  fieldName: undefined,
                  hasError: false,
                  isMissing: false,
                  isNamed: true,
                  previousSibling: TreeCursorSyntaxNode {
                    children: Array [],
                    endIndex: 1,
                    endPositionColumn: 1,
                    endPositionRow: 0,
                    fieldName: undefined,
                    hasError: false,
                    isMissing: false,
                    isNamed: false,
                    previousSibling: undefined,
                    startIndex: 0,
                    startPositionColumn: 0,
                    startPositionRow: 0,
                    text: [,
                    type: [,
                  },
                  startIndex: 1,
                  startPositionColumn: 1,
                  startPositionRow: 0,
                  text: 1,
                  type: flow_node,
                },
                TreeCursorSyntaxNode {
                  children: Array [],
                  endIndex: 3,
                  endPositionColumn: 3,
                  endPositionRow: 0,
                  fieldName: undefined,
                  hasError: false,
                  isMissing: false,
                  isNamed: false,
                  previousSibling: TreeCursorSyntaxNode {
                    children: Array [
                      TreeCursorSyntaxNode {
                        children: Array [
                          TreeCursorSyntaxNode {
                            children: Array [],
                            endIndex: 2,
                            endPositionColumn: 2,
                            endPositionRow: 0,
                            fieldName: undefined,
                            hasError: false,
                            isMissing: false,
                            isNamed: true,
                            previousSibling: undefined,
                            startIndex: 1,
                            startPositionColumn: 1,
                            startPositionRow: 0,
                            text: 1,
                            type: integer_scalar,
                          },
                        ],
                        endIndex: 2,
                        endPositionColumn: 2,
                        endPositionRow: 0,
                        fieldName: undefined,
                        hasError: false,
                        isMissing: false,
                        isNamed: true,
                        previousSibling: undefined,
                        startIndex: 1,
                        startPositionColumn: 1,
                        startPositionRow: 0,
                        text: 1,
                        type: plain_scalar,
                      },
                    ],
                    endIndex: 2,
                    endPositionColumn: 2,
                    endPositionRow: 0,
                    fieldName: undefined,
                    hasError: false,
                    isMissing: false,
                    isNamed: true,
                    previousSibling: TreeCursorSyntaxNode {
                      children: Array [],
                      endIndex: 1,
                      endPositionColumn: 1,
                      endPositionRow: 0,
                      fieldName: undefined,
                      hasError: false,
                      isMissing: false,
                      isNamed: false,
                      previousSibling: undefined,
                      startIndex: 0,
                      startPositionColumn: 0,
                      startPositionRow: 0,
                      text: [,
                      type: [,
                    },
                    startIndex: 1,
                    startPositionColumn: 1,
                    startPositionRow: 0,
                    text: 1,
                    type: flow_node,
                  },
                  startIndex: 2,
                  startPositionColumn: 2,
                  startPositionRow: 0,
                  text: ,,
                  type: ,,
                },
                TreeCursorSyntaxNode {
                  children: Array [
                    TreeCursorSyntaxNode {
                      children: Array [
                        TreeCursorSyntaxNode {
                          children: Array [],
                          endIndex: 5,
                          endPositionColumn: 5,
                          endPositionRow: 0,
                          fieldName: undefined,
                          hasError: false,
                          isMissing: false,
                          isNamed: true,
                          previousSibling: undefined,
                          startIndex: 4,
                          startPositionColumn: 4,
                          startPositionRow: 0,
                          text: 2,
                          type: integer_scalar,
                        },
                      ],
                      endIndex: 5,
                      endPositionColumn: 5,
                      endPositionRow: 0,
                      fieldName: undefined,
                      hasError: false,
                      isMissing: false,
                      isNamed: true,
                      previousSibling: undefined,
                      startIndex: 4,
                      startPositionColumn: 4,
                      startPositionRow: 0,
                      text: 2,
                      type: plain_scalar,
                    },
                  ],
                  endIndex: 5,
                  endPositionColumn: 5,
                  endPositionRow: 0,
                  fieldName: undefined,
                  hasError: false,
                  isMissing: false,
                  isNamed: true,
                  previousSibling: TreeCursorSyntaxNode {
                    children: Array [],
                    endIndex: 3,
                    endPositionColumn: 3,
                    endPositionRow: 0,
                    fieldName: undefined,
                    hasError: false,
                    isMissing: false,
                    isNamed: false,
                    previousSibling: TreeCursorSyntaxNode {
                      children: Array [
                        TreeCursorSyntaxNode {
                          children: Array [
                            TreeCursorSyntaxNode {
                              children: Array [],
                              endIndex: 2,
                              endPositionColumn: 2,
                              endPositionRow: 0,
                              fieldName: undefined,
                              hasError: false,
                              isMissing: false,
                              isNamed: true,
                              previousSibling: undefined,
                              startIndex: 1,
                              startPositionColumn: 1,
                              startPositionRow: 0,
                              text: 1,
                              type: integer_scalar,
                            },
                          ],
                          endIndex: 2,
                          endPositionColumn: 2,
                          endPositionRow: 0,
                          fieldName: undefined,
                          hasError: false,
                          isMissing: false,
                          isNamed: true,
                          previousSibling: undefined,
                          startIndex: 1,
                          startPositionColumn: 1,
                          startPositionRow: 0,
                          text: 1,
                          type: plain_scalar,
                        },
                      ],
                      endIndex: 2,
                      endPositionColumn: 2,
                      endPositionRow: 0,
                      fieldName: undefined,
                      hasError: false,
                      isMissing: false,
                      isNamed: true,
                      previousSibling: TreeCursorSyntaxNode {
                        children: Array [],
                        endIndex: 1,
                        endPositionColumn: 1,
                        endPositionRow: 0,
                        fieldName: undefined,
                        hasError: false,
                        isMissing: false,
                        isNamed: false,
                        previousSibling: undefined,
                        startIndex: 0,
                        startPositionColumn: 0,
                        startPositionRow: 0,
                        text: [,
                        type: [,
                      },
                      startIndex: 1,
                      startPositionColumn: 1,
                      startPositionRow: 0,
                      text: 1,
                      type: flow_node,
                    },
                    startIndex: 2,
                    startPositionColumn: 2,
                    startPositionRow: 0,
                    text: ,,
                    type: ,,
                  },
                  startIndex: 4,
                  startPositionColumn: 4,
                  startPositionRow: 0,
                  text: 2,
                  type: flow_node,
                },
                TreeCursorSyntaxNode {
                  children: Array [],
                  endIndex: 6,
                  endPositionColumn: 6,
                  endPositionRow: 0,
                  fieldName: undefined,
                  hasError: false,
                  isMissing: false,
                  isNamed: false,
                  previousSibling: TreeCursorSyntaxNode {
                    children: Array [
                      TreeCursorSyntaxNode {
                        children: Array [
                          TreeCursorSyntaxNode {
                            children: Array [],
                            endIndex: 5,
                            endPositionColumn: 5,
                            endPositionRow: 0,
                            fieldName: undefined,
                            hasError: false,
                            isMissing: false,
                            isNamed: true,
                            previousSibling: undefined,
                            startIndex: 4,
                            startPositionColumn: 4,
                            startPositionRow: 0,
                            text: 2,
                            type: integer_scalar,
                          },
                        ],
                        endIndex: 5,
                        endPositionColumn: 5,
                        endPositionRow: 0,
                        fieldName: undefined,
                        hasError: false,
                        isMissing: false,
                        isNamed: true,
                        previousSibling: undefined,
                        startIndex: 4,
                        startPositionColumn: 4,
                        startPositionRow: 0,
                        text: 2,
                        type: plain_scalar,
                      },
                    ],
                    endIndex: 5,
                    endPositionColumn: 5,
                    endPositionRow: 0,
                    fieldName: undefined,
                    hasError: false,
                    isMissing: false,
                    isNamed: true,
                    previousSibling: TreeCursorSyntaxNode {
                      children: Array [],
                      endIndex: 3,
                      endPositionColumn: 3,
                      endPositionRow: 0,
                      fieldName: undefined,
                      hasError: false,
                      isMissing: false,
                      isNamed: false,
                      previousSibling: TreeCursorSyntaxNode {
                        children: Array [
                          TreeCursorSyntaxNode {
                            children: Array [
                              TreeCursorSyntaxNode {
                                children: Array [],
                                endIndex: 2,
                                endPositionColumn: 2,
                                endPositionRow: 0,
                                fieldName: undefined,
                                hasError: false,
                                isMissing: false,
                                isNamed: true,
                                previousSibling: undefined,
                                startIndex: 1,
                                startPositionColumn: 1,
                                startPositionRow: 0,
                                text: 1,
                                type: integer_scalar,
                              },
                            ],
                            endIndex: 2,
                            endPositionColumn: 2,
                            endPositionRow: 0,
                            fieldName: undefined,
                            hasError: false,
                            isMissing: false,
                            isNamed: true,
                            previousSibling: undefined,
                            startIndex: 1,
                            startPositionColumn: 1,
                            startPositionRow: 0,
                            text: 1,
                            type: plain_scalar,
                          },
                        ],
                        endIndex: 2,
                        endPositionColumn: 2,
                        endPositionRow: 0,
                        fieldName: undefined,
                        hasError: false,
                        isMissing: false,
                        isNamed: true,
                        previousSibling: TreeCursorSyntaxNode {
                          children: Array [],
                          endIndex: 1,
                          endPositionColumn: 1,
                          endPositionRow: 0,
                          fieldName: undefined,
                          hasError: false,
                          isMissing: false,
                          isNamed: false,
                          previousSibling: undefined,
                          startIndex: 0,
                          startPositionColumn: 0,
                          startPositionRow: 0,
                          text: [,
                          type: [,
                        },
                        startIndex: 1,
                        startPositionColumn: 1,
                        startPositionRow: 0,
                        text: 1,
                        type: flow_node,
                      },
                      startIndex: 2,
                      startPositionColumn: 2,
                      startPositionRow: 0,
                      text: ,,
                      type: ,,
                    },
                    startIndex: 4,
                    startPositionColumn: 4,
                    startPositionRow: 0,
                    text: 2,
                    type: flow_node,
                  },
                  startIndex: 5,
                  startPositionColumn: 5,
                  startPositionRow: 0,
                  text: ],
                  type: ],
                },
              ],
              endIndex: 6,
              endPositionColumn: 6,
              endPositionRow: 0,
              fieldName: undefined,
              hasError: false,
              isMissing: false,
              isNamed: true,
              previousSibling: undefined,
              startIndex: 0,
              startPositionColumn: 0,
              startPositionRow: 0,
              text: [1, 2],
              type: flow_sequence,
            },
          ],
          endIndex: 6,
          endPositionColumn: 6,
          endPositionRow: 0,
          fieldName: undefined,
          hasError: false,
          isMissing: false,
          isNamed: true,
          previousSibling: undefined,
          startIndex: 0,
          startPositionColumn: 0,
          startPositionRow: 0,
          text: [1, 2],
          type: flow_node,
        },
      ],
      endIndex: 6,
      endPositionColumn: 6,
      endPositionRow: 0,
      fieldName: undefined,
      hasError: false,
      isMissing: false,
      isNamed: true,
      previousSibling: undefined,
      startIndex: 0,
      startPositionColumn: 0,
      startPositionRow: 0,
      text: [1, 2],
      type: document,
    },
  ],
  endIndex: 6,
  endPositionColumn: 6,
  endPositionRow: 0,
  fieldName: undefined,
  hasError: false,
  isMissing: false,
  isNamed: true,
  previousSibling: undefined,
  startIndex: 0,
  startPositionColumn: 0,
  startPositionRow: 0,
  text: [1, 2],
  type: stream,
}
`;
