// Jest Snapshot v1, https://goo.gl/fbAQLP

exports[`refractor elements IbmmqMessageBindingElement should refract to semantic ApiDOM tree 1`] = `
(IbmmqMessageBindingElement
  (MemberElement
    (StringElement)
    (StringElement))
  (MemberElement
    (StringElement)
    (StringElement))
  (MemberElement
    (StringElement)
    (StringElement))
  (MemberElement
    (StringElement)
    (StringElement))
  (MemberElement
    (StringElement)
    (NumberElement))
  (MemberElement
    (StringElement)
    (StringElement)))
`;
