// Jest Snapshot v1, https://goo.gl/fbAQLP

exports[`refractor elements LinkElement should refract to semantic ApiDOM tree 1`] = `
(LinkElement
  (MemberElement
    (StringElement)
    (StringElement))
  (MemberElement
    (StringElement)
    (StringElement))
  (MemberElement
    (StringElement)
    (ObjectElement
      (MemberElement
        (StringElement)
        (StringElement))))
  (MemberElement
    (StringElement)
    (ArrayElement))
  (MemberElement
    (StringElement)
    (StringElement))
  (MemberElement
    (StringElement)
    (ServerElement)))
`;
