// Jest Snapshot v1, https://goo.gl/fbAQLP

exports[`refractor elements SecurityRequirementElement should refract to semantic ApiDOM tree 1`] = `
(SecurityRequirementElement
  (MemberElement
    (StringElement)
    (ArrayElement
      (StringElement)
      (StringElement))))
`;
