// Jest Snapshot v1, https://goo.gl/fbAQLP

exports[`refractor elements GooglepubsubServerBindingElement should refract to semantic ApiDOM tree 1`] = `(GooglepubsubServerBindingElement)`;
