// Jest Snapshot v1, https://goo.gl/fbAQLP

exports[`refractor elements Null should refract to generic ApiDOM tree 1`] = `(NullElement)`;
