// Jest Snapshot v1, https://goo.gl/fbAQLP

exports[`refractor elements ChannelsElement should refract to semantic ApiDOM tree 1`] = `
(ChannelsElement
  (MemberElement
    (StringElement)
    (ChannelItemElement))
  (MemberElement
    (StringElement)
    (ChannelItemElement)))
`;
