// Jest Snapshot v1, https://goo.gl/fbAQLP

exports[`refractor elements ParameterElement should refract to semantic ApiDOM tree 1`] = `
(ParameterElement
  (MemberElement
    (StringElement)
    (StringElement))
  (MemberElement
    (StringElement)
    (StringElement))
  (MemberElement
    (StringElement)
    (StringElement))
  (MemberElement
    (StringElement)
    (BooleanElement))
  (MemberElement
    (StringElement)
    (BooleanElement))
  (MemberElement
    (StringElement)
    (BooleanElement))
  (MemberElement
    (StringElement)
    (StringElement))
  (MemberElement
    (StringElement)
    (BooleanElement))
  (MemberElement
    (StringElement)
    (BooleanElement))
  (MemberElement
    (StringElement)
    (SchemaElement))
  (MemberElement
    (StringElement)
    (StringElement))
  (MemberElement
    (StringElement)
    (ObjectElement
      (MemberElement
        (StringElement)
        (ExampleElement))
      (MemberElement
        (StringElement)
        (ReferenceElement
          (MemberElement
            (StringElement)
            (StringElement)))))))
`;
