// Jest Snapshot v1, https://goo.gl/fbAQLP

exports[`adapter-node should parse 1`] = `
(ParseResultElement
  (ObjectElement
    (MemberElement
      (StringElement)
      (StringElement))
    (MemberElement
      (StringElement)
      (BooleanElement))
    (MemberElement
      (StringElement)
      (StringElement))))
`;
