// Jest Snapshot v1, https://goo.gl/fbAQLP

exports[`refractor elements SqsServerBindingElement should refract to semantic ApiDOM tree 1`] = `(SqsServerBindingElement)`;
