// Jest Snapshot v1, https://goo.gl/fbAQLP

exports[`refractor elements XmlElement should refract to semantic ApiDOM tree 1`] = `
(XmlElement
  (MemberElement
    (StringElement)
    (StringElement))
  (MemberElement
    (StringElement)
    (StringElement))
  (MemberElement
    (StringElement)
    (StringElement))
  (MemberElement
    (StringElement)
    (BooleanElement))
  (MemberElement
    (StringElement)
    (BooleanElement)))
`;
