// Jest Snapshot v1, https://goo.gl/fbAQLP

exports[`refractor elements GooglePubSubChannelBindingElement should refract to semantic ApiDOM tree 1`] = `
(GooglepubsubMessageBindingElement
  (MemberElement
    (StringElement)
    (StringElement))
  (MemberElement
    (StringElement)
    (ObjectElement))
  (MemberElement
    (StringElement)
    (StringElement))
  (MemberElement
    (StringElement)
    (ObjectElement
      (MemberElement
        (StringElement)
        (StringElement))
      (MemberElement
        (StringElement)
        (StringElement)))))
`;
