// Jest Snapshot v1, https://goo.gl/fbAQLP

exports[`refractor elements Mqtt5ServerBindingElement should refract to semantic ApiDOM tree 1`] = `(Mqtt5ServerBindingElement)`;
