// Jest Snapshot v1, https://goo.gl/fbAQLP

exports[`refractor elements OAuthFlowsElement should refract to semantic ApiDOM tree 1`] = `
(OAuthFlowsElement
  (MemberElement
    (StringElement)
    (OAuthFlowElement))
  (MemberElement
    (StringElement)
    (OAuthFlowElement))
  (MemberElement
    (StringElement)
    (OAuthFlowElement))
  (MemberElement
    (StringElement)
    (OAuthFlowElement)))
`;
