// Jest Snapshot v1, https://goo.gl/fbAQLP

exports[`refractor elements ResponseElement should refract to semantic ApiDOM tree 1`] = `
(ResponseElement
  (MemberElement
    (StringElement)
    (StringElement))
  (MemberElement
    (StringElement)
    (ObjectElement
      (MemberElement
        (StringElement)
        (HeaderElement))
      (MemberElement
        (StringElement)
        (ReferenceElement
          (MemberElement
            (StringElement)
            (StringElement))))))
  (MemberElement
    (StringElement)
    (ObjectElement
      (MemberElement
        (StringElement)
        (MediaTypeElement))))
  (MemberElement
    (StringElement)
    (ObjectElement
      (MemberElement
        (StringElement)
        (LinkElement))
      (MemberElement
        (StringElement)
        (ReferenceElement
          (MemberElement
            (StringElement)
            (StringElement)))))))
`;
