// Jest Snapshot v1, https://goo.gl/fbAQLP

exports[`refractor elements ReferenceElement given generic ApiDOM element should refract to semantic ApiDOM tree 1`] = `
(ReferenceElement
  (MemberElement
    (StringElement)
    (StringElement)))
`;

exports[`refractor elements ReferenceElement should refract to semantic ApiDOM tree 1`] = `
(ReferenceElement
  (MemberElement
    (StringElement)
    (StringElement)))
`;
