// Jest Snapshot v1, https://goo.gl/fbAQLP

exports[`refractor elements StompMessageBindingElement should refract to semantic ApiDOM tree 1`] = `(StompMessageBindingElement)`;
