// Jest Snapshot v1, https://goo.gl/fbAQLP

exports[`converter strategies openapi-3-1-to-openapi-3-0-3 info-summary should remove Info.summary field 1`] = `
{
  "openapi": "3.0.3",
  "info": {
    "version": "1.0.0",
    "title": "A title"
  }
}
`;
