// Jest Snapshot v1, https://goo.gl/fbAQLP

exports[`refractor elements HttpOperationBindingElement should refract to semantic ApiDOM tree 1`] = `
(HttpOperationBindingElement
  (MemberElement
    (StringElement)
    (StringElement))
  (MemberElement
    (StringElement)
    (StringElement))
  (MemberElement
    (StringElement)
    (SchemaElement))
  (MemberElement
    (StringElement)
    (StringElement)))
`;
