// Jest Snapshot v1, https://goo.gl/fbAQLP

exports[`refractor elements StepElement should refract to semantic ApiDOM tree 1`] = `
(StepElement
  (MemberElement
    (StringElement)
    (StringElement))
  (MemberElement
    (StringElement)
    (StringElement))
  (MemberElement
    (StringElement)
    (StringElement))
  (MemberElement
    (StringElement)
    (StringElement))
  (MemberElement
    (StringElement)
    (StringElement))
  (MemberElement
    (StringElement)
    (ArrayElement
      (ParameterElement
        (MemberElement
          (StringElement)
          (StringElement))
        (MemberElement
          (StringElement)
          (StringElement))
        (MemberElement
          (StringElement)
          (StringElement)))
      (ReferenceElement
        (MemberElement
          (StringElement)
          (StringElement)))))
  (MemberElement
    (StringElement)
    (ArrayElement
      (StringElement)))
  (MemberElement
    (StringElement)
    (ArrayElement
      (CriterionElement
        (MemberElement
          (StringElement)
          (StringElement))
        (MemberElement
          (StringElement)
          (StringElement))
        (MemberElement
          (StringElement)
          (StringElement)))))
  (MemberElement
    (StringElement)
    (ArrayElement
      (SuccessActionElement
        (MemberElement
          (StringElement)
          (StringElement))
        (MemberElement
          (StringElement)
          (StringElement))
        (MemberElement
          (StringElement)
          (StringElement))
        (MemberElement
          (StringElement)
          (ArrayElement
            (CriterionElement
              (MemberElement
                (StringElement)
                (StringElement))
              (MemberElement
                (StringElement)
                (StringElement))
              (MemberElement
                (StringElement)
                (StringElement))))))))
  (MemberElement
    (StringElement)
    (ArrayElement
      (FailureActionElement
        (MemberElement
          (StringElement)
          (StringElement))
        (MemberElement
          (StringElement)
          (StringElement))
        (MemberElement
          (StringElement)
          (StringElement))
        (MemberElement
          (StringElement)
          (NumberElement))
        (MemberElement
          (StringElement)
          (NumberElement))
        (MemberElement
          (StringElement)
          (ArrayElement
            (CriterionElement
              (MemberElement
                (StringElement)
                (StringElement))
              (MemberElement
                (StringElement)
                (StringElement))
              (MemberElement
                (StringElement)
                (StringElement))))))))
  (MemberElement
    (StringElement)
    (ArrayElement
      (ObjectElement
        (MemberElement
          (StringElement)
          (StringElement))))))
`;
